For positive integers x, y satisfying 2 ^ x + 3 = 5 ^ y,
if x >= 2, 5 ^ y = 3 (mod 4).
However, this is impossible.
Therefore, x < 2.
Further examination shows that (x, y) = (1, 1).

For positive integers x, y satisfying 5 ^ x + 3 = 2 ^ y,
if y >= 8, 5 ^ x = 253 (mod 256).
So x = 35 (mod 64), 
which implies x = 35, 99, 163, 227 (mod 256).
Therefore, 5 ^ x = 14, 224, 243, 33 (mod 257).
So 2 ^ y = 17, 227, 246, 36 (mod 257), but this is impossible.
Therefore, y < 8.
Further examination shows that (x, y) = (1, 3), (3, 7).

For positive integers x, y satisfying 3 ^ x + 2 = 5 ^ y,
if y >= 2, 3 ^ x = 23 (mod 25).
So x = 13 (mod 20), 
which implies x = 3 (mod 10).
Therefore, 3 ^ x = 27 (mod 61).
So 5 ^ y = 29 (mod 61), but this is impossible.
Therefore, y < 2.
Further examination shows that (x, y) = (1, 1).

For positive integers x, y satisfying 3 ^ x + 10 = 13 ^ y,
if x >= 8, 13 ^ y = 10 (mod 6561).
So y = 1461 (mod 2187), 
which implies y = 1461, 3648, 5835, 8022 (mod 8748).
Therefore, 13 ^ y = 11616, 6486, 5881, 11011 (mod 17497).
So 3 ^ x = 11606, 6476, 5871, 11001 (mod 17497), but this is impossible.
Therefore, x < 8.
Further examination shows that (x, y) = (1, 1), (7, 3).

For positive integers x, y satisfying 2 ^ x + 4 = 6 ^ y,
if x >= 3 and y >= 3,
4 = 0 (mod 8), which is impossible.
Therefore, x < 3 or y < 3.
Further examination shows that (x, y) = (1, 1), (5, 2).

For positive integers x, y satisfying 2 ^ x + 89 = 91 ^ y,
if y >= 3, 2 ^ x = 254 (mod 343).
So x = 76 (mod 147), 
which implies x = 76, 223, 370, 517, 664, 811, 958, 1105, 1252 (mod 1323).
Therefore, 2 ^ x = 1994, 852, 1811, 957, 1447, 1513, 2343, 348, 1970 (mod 2647).
So 91 ^ y = 2083, 941, 1900, 1046, 1536, 1602, 2432, 437, 2059 (mod 2647), but this is impossible.
Therefore, y < 3.
Further examination shows that (x, y) = (1, 1), (13, 2).

0